{
  "$id": "https://schema-examples.com/a",
  "$schema": "http://json-schema.org/draft-07/schema#",
  "allOf": [
    { "$ref": "http://bigcontent.io/cms/schema/v1/core#/definitions/content" }
  ],
  "title": "A",
  "description": "A",
  "type": "object",
  "properties": {
    "a": { "title": "A", "type": "string" }
  },
  "propertyOrder": ["a"],
  "required": ["a"]
}
