{
  "$schema": "http://json-schema.org/draft-07/schema#",
  "$id": "https://schema-examples.com/delivery-key-explicit",
  "title": "Delivery Key Explicit",
  "description": "Delivery Key Explicit",
  "allOf": [
    {
      "$ref": "http://bigcontent.io/cms/schema/v1/core#/definitions/content"
    }
  ],
  "type": "object",
  "properties": {
    "_meta": {
      "type": "object",
      "title": "Delivery Key",
      "properties": {
        "deliveryKey": {
          "type": "string",
          "title": "explicit title",
          "description": "explicit description",
          "pattern": "explicit pattern"
        }
      }
    },
    "a": {
      "title": "A",
      "type": "string"
    }
  },
  "required": ["a"],
  "propertyOrder": ["_meta", "a"]
}
