{
  "$id": "https://schema-examples.com/root",
  "$schema": "http://json-schema.org/draft-07/schema#",
  "allOf": [
    {
      "$ref": "http://bigcontent.io/cms/schema/v1/core#/definitions/content"
    }
  ],
  "title": "Root",
  "properties": {
    "title": {
      "title": "Title",
      "type": "string"
    },
    "children": {
      "items": {
        "allOf": [
          {
            "$ref": "http://bigcontent.io/cms/schema/v1/core#/definitions/content-link"
          },
          {
            "properties": {
              "contentType": {
                "enum": ["https://schema-examples.com/top-level"]
              }
            }
          }
        ]
      },
      "title": "Children",
      "type": "array"
    }
  },
  "description": "Root",
  "type": "object",
  "propertyOrder": ["title", "children"],
  "required": ["title", "children"]
}
